::1 - - [11/Mar/2026 15:25:56] "GET / HTTP/1.1" 200 -
::1 - - [11/Mar/2026 15:25:56] "GET /css/styles.css HTTP/1.1" 304 -
::1 - - [11/Mar/2026 15:25:56] "GET /js/app.js HTTP/1.1" 200 -
::1 - - [11/Mar/2026 15:25:56] "GET /js/groups.js HTTP/1.1" 304 -
::1 - - [11/Mar/2026 15:25:56] "GET /js/leaderboard.js HTTP/1.1" 304 -
::1 - - [11/Mar/2026 15:25:56] "GET /js/knockout.js HTTP/1.1" 304 -
::1 - - [11/Mar/2026 15:25:56] "GET /js/ranking.js HTTP/1.1" 200 -
::1 - - [11/Mar/2026 15:25:56] "GET /data/teams.json HTTP/1.1" 304 -
::1 - - [11/Mar/2026 15:25:57] "GET /data/leaderboard.json HTTP/1.1" 304 -
::1 - - [11/Mar/2026 15:25:57] "GET /data/stage-0-pre-tournament.json HTTP/1.1" 304 -
::1 - - [11/Mar/2026 15:26:38] "GET /index.html HTTP/1.1" 200 -
::1 - - [11/Mar/2026 15:26:38] "GET /js/groups.js HTTP/1.1" 304 -
::1 - - [11/Mar/2026 15:26:38] "GET /js/app.js HTTP/1.1" 200 -
::1 - - [11/Mar/2026 15:26:38] "GET /js/ranking.js HTTP/1.1" 200 -
::1 - - [11/Mar/2026 15:26:38] "GET /js/knockout.js HTTP/1.1" 304 -
::1 - - [11/Mar/2026 15:26:38] "GET /js/leaderboard.js HTTP/1.1" 304 -
::1 - - [11/Mar/2026 15:26:57] "GET / HTTP/1.1" 304 -
::1 - - [11/Mar/2026 15:26:57] "GET /js/ranking.js HTTP/1.1" 304 -
::1 - - [11/Mar/2026 15:27:09] "GET /js/app.js HTTP/1.1" 304 -
::1 - - [11/Mar/2026 15:27:09] "GET /js/ranking.js HTTP/1.1" 304 -
::1 - - [11/Mar/2026 15:34:47] "GET /index.html HTTP/1.1" 304 -
::1 - - [11/Mar/2026 15:34:47] "GET /css/styles.css HTTP/1.1" 304 -
::1 - - [11/Mar/2026 15:34:47] "GET /js/app.js HTTP/1.1" 200 -
::1 - - [11/Mar/2026 15:34:47] "GET /js/ranking.js HTTP/1.1" 200 -
::1 - - [11/Mar/2026 15:34:47] "GET /js/knockout.js HTTP/1.1" 304 -
::1 - - [11/Mar/2026 15:34:47] "GET /js/groups.js HTTP/1.1" 304 -
::1 - - [11/Mar/2026 15:34:47] "GET /js/leaderboard.js HTTP/1.1" 304 -
::1 - - [11/Mar/2026 15:34:48] "GET /data/teams.json HTTP/1.1" 304 -
::1 - - [11/Mar/2026 15:34:48] "GET /data/leaderboard.json HTTP/1.1" 304 -
::1 - - [11/Mar/2026 15:34:48] "GET /data/stage-0-pre-tournament.json HTTP/1.1" 304 -
::1 - - [11/Mar/2026 15:40:16] "GET /index.html HTTP/1.1" 200 -
::1 - - [11/Mar/2026 15:40:16] "GET /css/styles.css HTTP/1.1" 200 -
::1 - - [11/Mar/2026 15:40:16] "GET /js/ranking.js HTTP/1.1" 200 -
::1 - - [11/Mar/2026 15:40:16] "GET /js/app.js HTTP/1.1" 304 -
::1 - - [11/Mar/2026 15:40:16] "GET /js/knockout.js HTTP/1.1" 304 -
::1 - - [11/Mar/2026 15:40:16] "GET /js/groups.js HTTP/1.1" 304 -
::1 - - [11/Mar/2026 15:40:16] "GET /js/leaderboard.js HTTP/1.1" 304 -
::1 - - [11/Mar/2026 15:40:17] "GET /data/teams.json HTTP/1.1" 304 -
::1 - - [11/Mar/2026 15:40:17] "GET /data/leaderboard.json HTTP/1.1" 304 -
::1 - - [11/Mar/2026 15:40:17] "GET /data/stage-0-pre-tournament.json HTTP/1.1" 304 -
::1 - - [11/Mar/2026 15:41:01] "GET /index.html HTTP/1.1" 304 -
::1 - - [11/Mar/2026 15:41:01] "GET /css/styles.css HTTP/1.1" 304 -
::1 - - [11/Mar/2026 15:41:01] "GET /js/ranking.js HTTP/1.1" 304 -
::1 - - [11/Mar/2026 15:42:01] "GET /index.html HTTP/1.1" 304 -
::1 - - [11/Mar/2026 15:42:01] "GET /css/styles.css HTTP/1.1" 200 -
::1 - - [11/Mar/2026 15:42:01] "GET /js/app.js HTTP/1.1" 304 -
::1 - - [11/Mar/2026 15:42:01] "GET /js/ranking.js HTTP/1.1" 200 -
::1 - - [11/Mar/2026 15:43:58] "GET /index.html HTTP/1.1" 304 -
::1 - - [11/Mar/2026 15:43:58] "GET /css/styles.css HTTP/1.1" 304 -
::1 - - [11/Mar/2026 15:43:58] "GET /js/app.js HTTP/1.1" 304 -
::1 - - [11/Mar/2026 15:43:58] "GET /js/ranking.js HTTP/1.1" 200 -
::1 - - [11/Mar/2026 15:51:40] "GET /index.html HTTP/1.1" 200 -
::1 - - [11/Mar/2026 15:51:41] "GET /css/styles.css HTTP/1.1" 304 -
::1 - - [11/Mar/2026 15:51:41] "GET /js/app.js HTTP/1.1" 200 -
::1 - - [11/Mar/2026 15:51:41] "GET /js/ranking.js HTTP/1.1" 304 -
::1 - - [11/Mar/2026 15:51:41] "GET /js/groups.js HTTP/1.1" 304 -
::1 - - [11/Mar/2026 15:51:41] "GET /js/knockout.js HTTP/1.1" 304 -
::1 - - [11/Mar/2026 15:51:41] "GET /js/leaderboard.js HTTP/1.1" 304 -
::1 - - [11/Mar/2026 15:51:41] "GET /data/teams.json HTTP/1.1" 304 -
::1 - - [11/Mar/2026 15:51:41] "GET /data/leaderboard.json HTTP/1.1" 304 -
::1 - - [11/Mar/2026 15:51:41] "GET /data/stage-0-pre-tournament.json HTTP/1.1" 304 -
